
> leave-management-system@0.1.0 build
> next build

   ▲ Next.js 15.1.6
   - Environments: .env.local

   Creating an optimized production build ...
Failed to compile.

./app/api/attachments/route.js
Module parse failed: Identifier 'POST' has already been declared (70:13)
File was processed with these loaders:
 * ./node_modules/next/dist/build/webpack/loaders/next-flight-loader/index.js
 * ./node_modules/next/dist/build/webpack/loaders/next-swc-loader.js
You may need an additional loader to handle the result of these loaders.
|     }
| }
> export const POST = withAuth(POST);
| 

Import trace for requested module:
./app/api/attachments/route.js

./app/api/audit-logs/route.js
Module parse failed: Identifier 'GET' has already been declared (63:13)
File was processed with these loaders:
 * ./node_modules/next/dist/build/webpack/loaders/next-flight-loader/index.js
 * ./node_modules/next/dist/build/webpack/loaders/next-swc-loader.js
You may need an additional loader to handle the result of these loaders.
|     }
| }
> export const GET = withAuth(GET);
| 

Import trace for requested module:
./app/api/audit-logs/route.js

./app/api/compensation-leaves/route.js
Module parse failed: Identifier 'GET' has already been declared (100:13)
File was processed with these loaders:
 * ./node_modules/next/dist/build/webpack/loaders/next-flight-loader/index.js
 * ./node_modules/next/dist/build/webpack/loaders/next-swc-loader.js
You may need an additional loader to handle the result of these loaders.
|     }
| }
> export const GET = withAuth(GET);
| export const POST = withAuth(POST);
| 

Import trace for requested module:
./app/api/compensation-leaves/route.js

./app/api/employees/[id]/route.js
Module parse failed: Identifier 'GET' has already been declared (91:13)
File was processed with these loaders:
 * ./node_modules/next/dist/build/webpack/loaders/next-flight-loader/index.js
 * ./node_modules/next/dist/build/webpack/loaders/next-swc-loader.js
You may need an additional loader to handle the result of these loaders.
|     }
| }
> export const GET = withAuth(GET);
| export const PUT = withAuth(PUT);
| 

Import trace for requested module:
./app/api/employees/[id]/route.js

./app/api/employees/route.js
Module parse failed: Identifier 'GET' has already been declared (111:13)
File was processed with these loaders:
 * ./node_modules/next/dist/build/webpack/loaders/next-flight-loader/index.js
 * ./node_modules/next/dist/build/webpack/loaders/next-swc-loader.js
You may need an additional loader to handle the result of these loaders.
|     }
| }
> export const GET = withAuth(GET);
| export const POST = withAuth(POST);
| 

Import trace for requested module:
./app/api/employees/route.js


> Build failed because of webpack errors
BUILD_FAILED 
